// Vitest Snapshot v1, https://vitest.dev/guide/snapshot.html

exports[`AppFooter component > should render correctly 1`] = `
<footer
  class="flex w-full items-center justify-center bg-black p-2"
>
  <h1
    class="font-serif text-2xl font-semibold text-white"
  >
    Â© 2024 TSHIRT SHOP
  </h1>
</footer>
`;
