// Vitest Snapshot v1, https://vitest.dev/guide/snapshot.html

exports[`XDropdown component > should render correctly 1`] = `
<div
  class="dropdown relative"
>
  <div
    class="flex h-10 min-w-24 cursor-pointer items-center rounded border border-gray-200 bg-white p-3"
    data-testid="dropdown-select"
  >
    <span>
      test
    </span>
    <svg
      class="ml-auto h-4 w-4"
      fill="none"
      stroke="currentColor"
      viewBox="0 0 24 24"
      xmlns="http://www.w3.org/2000/svg"
    >
      <path
        d="M19 9l-7 7-7-7"
        stroke-linecap="round"
        stroke-linejoin="round"
        stroke-width="2"
      />
    </svg>
  </div>
  <!--v-if-->
</div>
`;
