// Vitest Snapshot v1, https://vitest.dev/guide/snapshot.html

exports[`XInput component > should render correctly 1`] = `
<input
  class="h-12 w-full border border-gray-400 bg-white px-4 text-black outline-none placeholder:text-gray-300 focus:border-black"
  value=""
/>
`;
