// Vitest Snapshot v1, https://vitest.dev/guide/snapshot.html

exports[`ProductCard component > renders product correctly 1`] = `
<div
  class="flex flex-col"
>
  <img
    alt="product"
    class="h-auto w-full object-cover"
    src="https://via.placeholder.com/150"
  />
  <div
    class="flex items-center justify-between py-4"
  >
    <h1
      class="font-serif text-2xl font-semibold"
    >
      Product 1
    </h1>
    <p
      class="font-mono text-xl font-semibold"
    >
      â‚¬100
    </p>
  </div>
  <button
    class="h-10 w-full uppercase border border-black bg-black px-4 py-2 text-white  hover:bg-white hover:text-black"
  >
    
     Add to basket 
    
  </button>
</div>
`;
