// Vitest Snapshot v1, https://vitest.dev/guide/snapshot.html

exports[`ProductGrid component > renders the product grid correctly 1`] = `
<div
  class="grid grid-cols-2 gap-x-2 gap-y-4 md:grid-cols-4 lg:gap-x-4 lg:gap-y-8"
>
  
  <div
    class="flex flex-col"
  >
    <img
      alt="product"
      class="h-auto w-full object-cover"
      src="mock"
    />
    <div
      class="flex items-center justify-between py-4"
    >
      <h1
        class="font-serif text-2xl font-semibold"
      >
        Product 1
      </h1>
      <p
        class="font-mono text-xl font-semibold"
      >
        €100
      </p>
    </div>
    <button
      class="h-10 w-full uppercase border border-black bg-black px-4 py-2 text-white  hover:bg-white hover:text-black"
    >
      
       Add to basket 
      
    </button>
  </div>
  <div
    class="flex flex-col"
  >
    <img
      alt="product"
      class="h-auto w-full object-cover"
      src="mock"
    />
    <div
      class="flex items-center justify-between py-4"
    >
      <h1
        class="font-serif text-2xl font-semibold"
      >
        Product 2
      </h1>
      <p
        class="font-mono text-xl font-semibold"
      >
        €200
      </p>
    </div>
    <button
      class="h-10 w-full uppercase border border-black bg-black px-4 py-2 text-white  hover:bg-white hover:text-black"
    >
      
       Add to basket 
      
    </button>
  </div>
  
</div>
`;
